// Jest Snapshot v1, https://goo.gl/fbAQLP

exports[`config config 1`] = `
Object {
  "absolutePublicPath": "/Users/joelmoss/dev/frails/test/dummy/public/frails",
  "appPath": "/Users/joelmoss/dev/frails/test/dummy/app",
  "publicOutputPath": "frails",
  "rootPath": "/Users/joelmoss/dev/frails/test/dummy",
}
`;
